/workspaces/FastBuilder/src/main/java/com/njdge/fastbuilder/utils/WorldUtil.java
/workspaces/FastBuilder/src/main/java/com/njdge/fastbuilder/utils/TaskTicker.java
/workspaces/FastBuilder/src/main/java/com/njdge/fastbuilder/utils/menu/TypeCallback.java
/workspaces/FastBuilder/src/main/java/com/njdge/fastbuilder/utils/menu/button/DisplayButton.java
/workspaces/FastBuilder/src/main/java/com/njdge/fastbuilder/arena/impl/Island.java
/workspaces/FastBuilder/src/main/java/com/njdge/fastbuilder/utils/menu/button/JumpToMenuButton.java
/workspaces/FastBuilder/src/main/java/com/njdge/fastbuilder/FastBuilder.java
/workspaces/FastBuilder/src/main/java/com/njdge/fastbuilder/profile/ProfileState.java
/workspaces/FastBuilder/src/main/java/com/njdge/fastbuilder/utils/menu/pagination/JumpToPageButton.java
/workspaces/FastBuilder/src/main/java/com/njdge/fastbuilder/profile/command/SwitchCommand.java
/workspaces/FastBuilder/src/main/java/com/njdge/fastbuilder/utils/ActionBar.java
/workspaces/FastBuilder/src/main/java/com/njdge/fastbuilder/database/MongoManager.java
/workspaces/FastBuilder/src/main/java/com/njdge/fastbuilder/utils/TimeUtil.java
/workspaces/FastBuilder/src/main/java/com/njdge/fastbuilder/WeatherManager.java
/workspaces/FastBuilder/src/main/java/com/njdge/fastbuilder/profile/ProfileManager.java
/workspaces/FastBuilder/src/main/java/com/njdge/fastbuilder/profile/shop/Shop.java
/workspaces/FastBuilder/src/main/java/com/njdge/fastbuilder/utils/menu/pagination/PageButton.java
/workspaces/FastBuilder/src/main/java/com/njdge/fastbuilder/utils/menu/pagination/FilterablePaginatedMenu.java
/workspaces/FastBuilder/src/main/java/com/njdge/fastbuilder/profile/PlayerProfile.java
/workspaces/FastBuilder/src/main/java/com/njdge/fastbuilder/utils/assemble/events/AssembleBoardDestroyEvent.java
/workspaces/FastBuilder/src/main/java/com/njdge/fastbuilder/utils/menu/task/MenuUpdateTask.java
/workspaces/FastBuilder/src/main/java/com/njdge/fastbuilder/utils/TitleSender.java
/workspaces/FastBuilder/src/main/java/com/njdge/fastbuilder/utils/ItemBuilder.java
/workspaces/FastBuilder/src/main/java/com/njdge/fastbuilder/arena/ArenaType.java
/workspaces/FastBuilder/src/main/java/com/njdge/fastbuilder/arena/ArenaManager.java
/workspaces/FastBuilder/src/main/java/com/njdge/fastbuilder/utils/assemble/events/AssembleBoardCreateEvent.java
/workspaces/FastBuilder/src/main/java/com/njdge/fastbuilder/utils/assemble/AssembleBoardEntry.java
/workspaces/FastBuilder/src/main/java/com/njdge/fastbuilder/arena/Arena.java
/workspaces/FastBuilder/src/main/java/com/njdge/fastbuilder/adapters/ScoreboardAdapter.java
/workspaces/FastBuilder/src/main/java/com/njdge/fastbuilder/utils/assemble/events/AssembleBoardCreatedEvent.java
/workspaces/FastBuilder/src/main/java/com/njdge/fastbuilder/utils/menu/button/BackButton.java
/workspaces/FastBuilder/src/main/java/com/njdge/fastbuilder/utils/menu/button/ToggleButton.java
/workspaces/FastBuilder/src/main/java/com/njdge/fastbuilder/utils/menu/Menu.java
/workspaces/FastBuilder/src/main/java/com/njdge/fastbuilder/utils/menu/pagination/PageFilterButton.java
/workspaces/FastBuilder/src/main/java/com/njdge/fastbuilder/utils/assemble/AssembleStyle.java
/workspaces/FastBuilder/src/main/java/com/njdge/fastbuilder/profile/shop/menu/ShopMenu.java
/workspaces/FastBuilder/src/main/java/com/njdge/fastbuilder/utils/Util.java
/workspaces/FastBuilder/src/main/java/com/njdge/fastbuilder/utils/menu/pagination/PageFilter.java
/workspaces/FastBuilder/src/main/java/com/njdge/fastbuilder/test.java
/workspaces/FastBuilder/src/main/java/com/njdge/fastbuilder/utils/PlayerUtils.java
/workspaces/FastBuilder/src/main/java/com/njdge/fastbuilder/utils/CC.java
/workspaces/FastBuilder/src/main/java/com/njdge/fastbuilder/profile/TimerTicker.java
/workspaces/FastBuilder/src/main/java/com/njdge/fastbuilder/utils/assemble/AssembleUtils.java
/workspaces/FastBuilder/src/main/java/com/njdge/fastbuilder/utils/Cuboid.java
/workspaces/FastBuilder/src/main/java/com/njdge/fastbuilder/utils/menu/pagination/ViewAllPagesMenu.java
/workspaces/FastBuilder/src/main/java/com/njdge/fastbuilder/profile/listener/ProfileListener.java
/workspaces/FastBuilder/src/main/java/com/njdge/fastbuilder/utils/assemble/Assemble.java
/workspaces/FastBuilder/src/main/java/com/njdge/fastbuilder/profile/command/EditCommand.java
/workspaces/FastBuilder/src/main/java/com/njdge/fastbuilder/utils/assemble/AssembleAdapter.java
/workspaces/FastBuilder/src/main/java/com/njdge/fastbuilder/utils/assemble/AssembleException.java
/workspaces/FastBuilder/src/main/java/com/njdge/fastbuilder/utils/menu/MenuListener.java
/workspaces/FastBuilder/src/main/java/com/njdge/fastbuilder/utils/menu/button/ConfirmationButton.java
/workspaces/FastBuilder/src/main/java/com/njdge/fastbuilder/utils/assemble/AssembleListener.java
/workspaces/FastBuilder/src/main/java/com/njdge/fastbuilder/utils/menu/pagination/PaginatedMenu.java
/workspaces/FastBuilder/src/main/java/com/njdge/fastbuilder/FastBuilderItems.java
/workspaces/FastBuilder/src/main/java/com/njdge/fastbuilder/utils/assemble/AssembleThread.java
/workspaces/FastBuilder/src/main/java/com/njdge/fastbuilder/utils/menu/Button.java
/workspaces/FastBuilder/src/main/java/com/njdge/fastbuilder/utils/BasicConfigFile.java
/workspaces/FastBuilder/src/main/java/com/njdge/fastbuilder/utils/menu/menus/ConfirmMenu.java
/workspaces/FastBuilder/src/main/java/com/njdge/fastbuilder/utils/Tasks.java
/workspaces/FastBuilder/src/main/java/com/njdge/fastbuilder/utils/assemble/AssembleBoard.java
/workspaces/FastBuilder/src/main/java/com/njdge/fastbuilder/profile/BlockClearAnimation.java
